// Jest Snapshot v1, https://goo.gl/fbAQLP

exports[`<InputField /> spec redners the component 1`] = `
Object {
  "asFragment": [Function],
  "baseElement": <body>
    <div>
      <div
        class="w-full md:w-1/2 px-3 mb-3 md:mb-0"
      >
        <label
          class="block uppercase tracking-wide text-gray-700 text-xs font-bold mb-2"
        >
          Test
          *
        </label>
        <input
          class="appearance-none block w-full bg-gray-100 text-gray-700 border rounded py-3 px-4 mb-3 leading-tight focus:outline-none focus:bg-white border-gray-500 "
          id="grid-first-name"
          placeholder="test input"
          type="text"
          value="test value"
        />
      </div>
    </div>
  </body>,
  "container": <div>
    <div
      class="w-full md:w-1/2 px-3 mb-3 md:mb-0"
    >
      <label
        class="block uppercase tracking-wide text-gray-700 text-xs font-bold mb-2"
      >
        Test
        *
      </label>
      <input
        class="appearance-none block w-full bg-gray-100 text-gray-700 border rounded py-3 px-4 mb-3 leading-tight focus:outline-none focus:bg-white border-gray-500 "
        id="grid-first-name"
        placeholder="test input"
        type="text"
        value="test value"
      />
    </div>
  </div>,
  "debug": [Function],
  "findAllByAltText": [Function],
  "findAllByDisplayValue": [Function],
  "findAllByLabelText": [Function],
  "findAllByPlaceholderText": [Function],
  "findAllByRole": [Function],
  "findAllByTestId": [Function],
  "findAllByText": [Function],
  "findAllByTitle": [Function],
  "findByAltText": [Function],
  "findByDisplayValue": [Function],
  "findByLabelText": [Function],
  "findByPlaceholderText": [Function],
  "findByRole": [Function],
  "findByTestId": [Function],
  "findByText": [Function],
  "findByTitle": [Function],
  "getAllByAltText": [Function],
  "getAllByDisplayValue": [Function],
  "getAllByLabelText": [Function],
  "getAllByPlaceholderText": [Function],
  "getAllByRole": [Function],
  "getAllByTestId": [Function],
  "getAllByText": [Function],
  "getAllByTitle": [Function],
  "getByAltText": [Function],
  "getByDisplayValue": [Function],
  "getByLabelText": [Function],
  "getByPlaceholderText": [Function],
  "getByRole": [Function],
  "getByTestId": [Function],
  "getByText": [Function],
  "getByTitle": [Function],
  "queryAllByAltText": [Function],
  "queryAllByDisplayValue": [Function],
  "queryAllByLabelText": [Function],
  "queryAllByPlaceholderText": [Function],
  "queryAllByRole": [Function],
  "queryAllByTestId": [Function],
  "queryAllByText": [Function],
  "queryAllByTitle": [Function],
  "queryByAltText": [Function],
  "queryByDisplayValue": [Function],
  "queryByLabelText": [Function],
  "queryByPlaceholderText": [Function],
  "queryByRole": [Function],
  "queryByTestId": [Function],
  "queryByText": [Function],
  "queryByTitle": [Function],
  "rerender": [Function],
  "unmount": [Function],
}
`;
